python : Traceback (most recent call last):
At line:1 char:1
+ python engine/test_openrouter.py > 
test_output.txt 2>&1; type test_ou ...
+ ~~~~~~~~~~~~~~~~~~~~~~~~~~~~~~~~~~~~~~~~~~~~~~
~~~~~~~~~
    + CategoryInfo          : NotSpecified: (Tr 
   aceback (most recent call last)::String) []  
  , RemoteException
    + FullyQualifiedErrorId : NativeCommandErro 
   r
 
  File "C:\VS CODE\Techathon\Techathon00\Offline
-learning-engine\engine\test_openrouter.py", 
line 13, in <module>
    print(f"\u2705 Loaded .env from: 
{env_path}")
  File "C:\Users\Huzaifa\AppData\Local\Programs\
Python\Python311\Lib\encodings\cp1252.py", line 
19, in encode
    return codecs.charmap_encode(input,self.erro
rs,encoding_table)[0]
           ^^^^^^^^^^^^^^^^^^^^^^^^^^^^^^^^^^^^^
^^^^^^^^^^^^^^^^^^
UnicodeEncodeError: 'charmap' codec can't 
encode character '\u2705' in position 0: 
character maps to <undefined>

During handling of the above exception, another 
exception occurred:

Traceback (most recent call last):
  File "C:\VS CODE\Techathon\Techathon00\Offline
-learning-engine\engine\test_openrouter.py", 
line 18, in <module>
    print(f"\u26a0\ufe0f  dotenv error: {e}")
  File "C:\Users\Huzaifa\AppData\Local\Programs\
Python\Python311\Lib\encodings\cp1252.py", line 
19, in encode
    return codecs.charmap_encode(input,self.erro
rs,encoding_table)[0]
           ^^^^^^^^^^^^^^^^^^^^^^^^^^^^^^^^^^^^^
^^^^^^^^^^^^^^^^^^
UnicodeEncodeError: 'charmap' codec can't 
encode characters in position 0-1: character 
maps to <undefined>
